[L1] 语义表构建完成 {"buildMs":26.9,"side":73,"cells":5329,"passable":4426,"hist":{"中性":505,"高地":185,"低谷":183,"迎船坡":99,"背船坡":204,"关口":113,"走廊":64,"开阔地":796,"隐蔽":2277,"陡壁":112,"水":690,"坑":101},"regionCount":273,"regionsByClass":{"隐蔽":{"count":98,"cells":2277,"maxArea":1335},"走廊":{"count":18,"cells":64,"maxArea":7},"关口":{"count":60,"cells":113,"maxArea":4},"高地":{"count":20,"cells":185,"maxArea":30},"背船坡":{"count":25,"cells":204,"maxArea":57},"迎船坡":{"count":14,"cells":99,"maxArea":28},"低谷":{"count":24,"cells":183,"maxArea":29},"开阔地":{"count":14,"cells":796,"maxArea":513}},"losBlocked":3994,"concealed":3292,"anchor":{"x":423.86926568882075,"z":615.2669084449232}}
[L1] 高地: #151(a=30, rep=466,609) #148(a=29, rep=426,609) #264(a=21, rep=382,749)
[L1] 关口: #81(a=4, rep=342,529) #110(a=4, rep=286,557) #111(a=4, rep=310,557)
[L1] 低谷: #187(a=29, rep=302,689) #153(a=28, rep=490,681) #257(a=16, rep=382,729)
[L1] 迎船坡: #9(a=28, rep=422,477) #172(a=16, rep=342,637) #169(a=8, rep=350,629)
[L1] 背船坡: #137(a=57, rep=450,601) #145(a=28, rep=482,657) #8(a=13, rep=330,477)
{
  "stats": {
    "buildMs": 26.9,
    "side": 73,
    "cells": 5329,
    "passable": 4426,
    "hist": {
      "中性": 505,
      "高地": 185,
      "低谷": 183,
      "迎船坡": 99,
      "背船坡": 204,
      "关口": 113,
      "走廊": 64,
      "开阔地": 796,
      "隐蔽": 2277,
      "陡壁": 112,
      "水": 690,
      "坑": 101
    },
    "regionCount": 273,
    "regionsByClass": {
      "隐蔽": {
        "count": 98,
        "cells": 2277,
        "maxArea": 1335
      },
      "走廊": {
        "count": 18,
        "cells": 64,
        "maxArea": 7
      },
      "关口": {
        "count": 60,
        "cells": 113,
        "maxArea": 4
      },
      "高地": {
        "count": 20,
        "cells": 185,
        "maxArea": 30
      },
      "背船坡": {
        "count": 25,
        "cells": 204,
        "maxArea": 57
      },
      "迎船坡": {
        "count": 14,
        "cells": 99,
        "maxArea": 28
      },
      "低谷": {
        "count": 24,
        "cells": 183,
        "maxArea": 29
      },
      "开阔地": {
        "count": 14,
        "cells": 796,
        "maxArea": 513
      }
    },
    "losBlocked": 3994,
    "concealed": 3292,
    "anchor": {
      "x": 423.86926568882075,
      "z": 615.2669084449232
    }
  },
  "slopeAspect": {
    "迎船坡": {
      "n": 99,
      "mean": 0.85
    },
    "背船坡": {
      "n": 204,
      "mean": -0.78
    }
  },
  "visibility": {
    "30-60m": 56.9,
    "60-90m": 48,
    "90-120m": 40.2,
    "120-144m": 19.3,
    "30-144m_抬升8m": 65.5
  },
  "top": {
    "高地": [
      {
        "id": 151,
        "area": 30,
        "rep": {
          "x": 466,
          "z": 609,
          "dShip": 42
        },
        "h": [
          5.2,
          5.8
        ],
        "aspect": 0
      },
      {
        "id": 148,
        "area": 29,
        "rep": {
          "x": 426,
          "z": 609,
          "dShip": 6
        },
        "h": [
          4.8,
          5.8
        ],
        "aspect": 0
      },
      {
        "id": 264,
        "area": 21,
        "rep": {
          "x": 382,
          "z": 749,
          "dShip": 140
        },
        "h": [
          2.3,
          3.4
        ],
        "aspect": 0
      },
      {
        "id": 195,
        "area": 15,
        "rep": {
          "x": 370,
          "z": 665,
          "dShip": 74
        },
        "h": [
          5.3,
          6
        ],
        "aspect": 0
      },
      {
        "id": 246,
        "area": 13,
        "rep": {
          "x": 322,
          "z": 725,
          "dShip": 150
        },
        "h": [
          1.5,
          2.2
        ],
        "aspect": 0
      }
    ],
    "低谷": [
      {
        "id": 187,
        "area": 29,
        "rep": {
          "x": 302,
          "z": 689,
          "dShip": 143
        },
        "h": [
          0,
          0.5
        ],
        "aspect": 0
      },
      {
        "id": 153,
        "area": 28,
        "rep": {
          "x": 490,
          "z": 681,
          "dShip": 93
        },
        "h": [
          -0.5,
          0.1
        ],
        "aspect": 0
      },
      {
        "id": 257,
        "area": 16,
        "rep": {
          "x": 382,
          "z": 729,
          "dShip": 121
        },
        "h": [
          0,
          0.4
        ],
        "aspect": 0
      },
      {
        "id": 234,
        "area": 10,
        "rep": {
          "x": 318,
          "z": 709,
          "dShip": 142
        },
        "h": [
          0,
          0.5
        ],
        "aspect": 0
      },
      {
        "id": 146,
        "area": 8,
        "rep": {
          "x": 298,
          "z": 609,
          "dShip": 126
        },
        "h": [
          0,
          0.5
        ],
        "aspect": 0
      }
    ],
    "迎船坡": [
      {
        "id": 9,
        "area": 28,
        "rep": {
          "x": 422,
          "z": 477,
          "dShip": 138
        },
        "h": [
          3.1,
          3.6
        ],
        "aspect": 0.97
      },
      {
        "id": 172,
        "area": 16,
        "rep": {
          "x": 342,
          "z": 637,
          "dShip": 85
        },
        "h": [
          5.3,
          10.5
        ],
        "aspect": 0.79
      },
      {
        "id": 169,
        "area": 8,
        "rep": {
          "x": 350,
          "z": 629,
          "dShip": 75
        },
        "h": [
          2.7,
          6
        ],
        "aspect": 0.8
      },
      {
        "id": 202,
        "area": 7,
        "rep": {
          "x": 290,
          "z": 681,
          "dShip": 149
        },
        "h": [
          2.5,
          4.8
        ],
        "aspect": 0.94
      },
      {
        "id": 203,
        "area": 7,
        "rep": {
          "x": 342,
          "z": 673,
          "dShip": 100
        },
        "h": [
          7,
          9.6
        ],
        "aspect": 0.78
      }
    ],
    "背船坡": [
      {
        "id": 137,
        "area": 57,
        "rep": {
          "x": 450,
          "z": 601,
          "dShip": 30
        },
        "h": [
          2.4,
          3.8
        ],
        "aspect": -0.66
      },
      {
        "id": 145,
        "area": 28,
        "rep": {
          "x": 482,
          "z": 657,
          "dShip": 72
        },
        "h": [
          1.7,
          2
        ],
        "aspect": -0.79
      },
      {
        "id": 8,
        "area": 13,
        "rep": {
          "x": 330,
          "z": 477,
          "dShip": 167
        },
        "h": [
          3.2,
          3.5
        ],
        "aspect": -0.82
      },
      {
        "id": 14,
        "area": 11,
        "rep": {
          "x": 322,
          "z": 481,
          "dShip": 168
        },
        "h": [
          5.2,
          6.3
        ],
        "aspect": -0.82
      },
      {
        "id": 255,
        "area": 10,
        "rep": {
          "x": 326,
          "z": 729,
          "dShip": 150
        },
        "h": [
          -0.1,
          0.6
        ],
        "aspect": -0.73
      }
    ],
    "关口": [
      {
        "id": 81,
        "area": 4,
        "rep": {
          "x": 342,
          "z": 529,
          "dShip": 119
        },
        "h": [
          9.3,
          9.6
        ],
        "aspect": 0
      },
      {
        "id": 110,
        "area": 4,
        "rep": {
          "x": 286,
          "z": 557,
          "dShip": 150
        },
        "h": [
          7.9,
          9.2
        ],
        "aspect": 0
      },
      {
        "id": 111,
        "area": 4,
        "rep": {
          "x": 310,
          "z": 557,
          "dShip": 128
        },
        "h": [
          8.1,
          9.4
        ],
        "aspect": 0
      },
      {
        "id": 114,
        "area": 4,
        "rep": {
          "x": 342,
          "z": 561,
          "dShip": 98
        },
        "h": [
          9.1,
          9.8
        ],
        "aspect": 0
      },
      {
        "id": 26,
        "area": 3,
        "rep": {
          "x": 290,
          "z": 489,
          "dShip": 184
        },
        "h": [
          7.5,
          8.3
        ],
        "aspect": 0
      }
    ],
    "走廊": [
      {
        "id": 65,
        "area": 7,
        "rep": {
          "x": 538,
          "z": 521,
          "dShip": 148
        },
        "h": [
          -0.3,
          0.5
        ],
        "aspect": 0
      },
      {
        "id": 18,
        "area": 6,
        "rep": {
          "x": 570,
          "z": 485,
          "dShip": 195
        },
        "h": [
          0,
          0.9
        ],
        "aspect": 0
      },
      {
        "id": 54,
        "area": 6,
        "rep": {
          "x": 530,
          "z": 505,
          "dShip": 153
        },
        "h": [
          -0.1,
          0.8
        ],
        "aspect": 0
      },
      {
        "id": 2,
        "area": 5,
        "rep": {
          "x": 502,
          "z": 473,
          "dShip": 162
        },
        "h": [
          0.8,
          1.9
        ],
        "aspect": 0
      },
      {
        "id": 15,
        "area": 4,
        "rep": {
          "x": 514,
          "z": 481,
          "dShip": 161
        },
        "h": [
          0.5,
          1.4
        ],
        "aspect": 0
      }
    ],
    "隐蔽": [
      {
        "id": 94,
        "area": 1335,
        "rep": {
          "x": 494,
          "z": 669,
          "dShip": 88
        },
        "h": [
          -1.3,
          3.9
        ],
        "aspect": 0
      },
      {
        "id": 197,
        "area": 114,
        "rep": {
          "x": 330,
          "z": 705,
          "dShip": 130
        },
        "h": [
          0,
          2.9
        ],
        "aspect": 0
      },
      {
        "id": 5,
        "area": 90,
        "rep": {
          "x": 530,
          "z": 497,
          "dShip": 159
        },
        "h": [
          -0.1,
          2.3
        ],
        "aspect": 0
      },
      {
        "id": 29,
        "area": 61,
        "rep": {
          "x": 330,
          "z": 509,
          "dShip": 142
        },
        "h": [
          9.1,
          10.7
        ],
        "aspect": 0
      },
      {
        "id": 104,
        "area": 57,
        "rep": {
          "x": 330,
          "z": 565,
          "dShip": 106
        },
        "h": [
          9,
          10.6
        ],
        "aspect": 0
      }
    ]
  },
  "band30_110": {
    "cells": 2200,
    "占比": {
      "中性": "7.6%",
      "高地": "3.7%",
      "低谷": "2%",
      "迎船坡": "1.9%",
      "背船坡": "4.1%",
      "关口": "1.3%",
      "走廊": "0.5%",
      "开阔地": "23.8%",
      "隐蔽": "31%",
      "陡壁": "3%",
      "水": "20.9%",
      "坑": "0.1%"
    }
  }
}
